
> Configure project :
Fabric Loom: 1.16.3

> Task :compileJava FAILED

[Incubating] Problems report is available at: file:///F:/mcMods/AIPlayerMod-1.21.1-Fabric/build/reports/problems/problems-report.html
1 actionable task: 1 executed
